
     Program PWSCF v.7.4 starts on 15Apr2025 at 10:10:18 

     This program is part of the open-source Quantum ESPRESSO suite
     for quantum simulation of materials; please cite
         "P. Giannozzi et al., J. Phys.:Condens. Matter 21 395502 (2009);
         "P. Giannozzi et al., J. Phys.:Condens. Matter 29 465901 (2017);
         "P. Giannozzi et al., J. Chem. Phys. 152 154105 (2020);
          URL http://www.quantum-espresso.org", 
     in publications or presentations arising from this work. More details at
     http://www.quantum-espresso.org/quote

     Parallel version (MPI), running on     8 processors

     MPI processes distributed on     1 nodes
     0 MiB available memory on the printing compute node when the environment starts

     Reading input from scf.in

     Current dimensions of program PWSCF are:
     Max number of different atomic species (ntypx) = 10
     Max number of k-points (npk) =  40000
     Max angular momentum in pseudopotentials (lmaxx) =  4
scan_end: No INFO end statement, corrupted file?

     IMPORTANT: XC functional enforced from input :
     Exchange-correlation= PBE
                           (   1   4   3   4   0   0   0)
     Any further DFT definition will be discarded
     Please, verify this is what you really want

     Message from routine set_cutoff:
     ecutrho < 4*ecutwfc, are you sure?
     Message from routine setup:
     using ibrav=0 with symmetry is DISCOURAGED, use correct ibrav instead

     R & G space division:  proc/nbgrp/npool/nimage =       8
     Subspace diagonalization in iterative solution of the eigenvalue problem:
     a serial algorithm will be used


     Parallelization info
     --------------------
     sticks:   dense  smooth     PW     G-vecs:    dense   smooth      PW
     Min         119     119     68                 2398     2398    1036
     Max         120     120     69                 2400     2400    1037
     Sum         955     955    547                19195    19195    8291

     Using Slab Decomposition



     bravais-lattice index     =            0
     lattice parameter (alat)  =       4.7716  a.u.
     unit-cell volume          =      76.8185 (a.u.)^3
     number of atoms/cell      =            2
     number of atomic types    =            1
     number of electrons       =         8.00
     number of Kohn-Sham states=            8
     kinetic-energy cutoff     =     300.0000  Ry
     charge density cutoff     =     600.0000  Ry
     scf convergence threshold =      1.0E-09
     mixing beta               =       0.7000
     number of iterations used =            8  plain     mixing
     Exchange-correlation= PBE
                           (   1   4   3   4   0   0   0)

     celldm(1)=   4.771558  celldm(2)=   0.000000  celldm(3)=   0.000000
     celldm(4)=   0.000000  celldm(5)=   0.000000  celldm(6)=   0.000000

     crystal axes: (cart. coord. in units of alat)
               a(1) = (   0.707107   0.707107   0.000000 )  
               a(2) = (  -0.000000   0.707107   0.707107 )  
               a(3) = (   0.707107  -0.000000   0.707107 )  

     reciprocal axes: (cart. coord. in units 2 pi/alat)
               b(1) = (  0.707107  0.707107 -0.707107 )  
               b(2) = ( -0.707107  0.707107  0.707107 )  
               b(3) = (  0.707107 -0.707107  0.707107 )  


     PseudoPot. # 1 for C  read from file:
     ./C.ccECP.upf
     MD5 check sum: 9ad03c3cf6429d54972c076c8f6c2b50
     Pseudo is Norm-conserving, Zval =  4.0
     Generated by new atomic code, or converted to UPF format
     Using radial grid of 1122 points,  1 beta functions with: 
                l(1) =   0

     atomic species   valence    mass     pseudopotential
     C                 4.00    12.01100     C ( 1.00)

     48 Sym. Ops., with inversion, found (24 have fractional translation)

