[cluster-summary stat="failed", tasks=1000, succeeded=990, failed=0, extra=0, start="2012-09-25T16:41:22.734-04:00", duration=6900.000, pid=32420, app="/lustre/scratch/proj/tera3d/pegasus/default/bin/pegasus-mpi-cluster", runtime=2073588.762, slots=479, cpus=480]
<invocation xmlns="http://pegasus.isi.edu/schema/invocation" xmlns:xsi="http://www.w3.org/2001/XMLSchema-instance" xsi:schemaLocation="http://pegasus.isi.edu/schema/invocation http://pegasus.isi.edu/schema/iv-2.1.xsd" version="2.1" start="2012-09-25T16:41:31.899-04:00" duration="256.021" transformation="scec::extract_sgt_rv_in_mem:1.0" derivation="ID1_128_1287" resource="kraken" wf-label="CyberShake_USC_11" wf-stamp="2012-09-25T07:51:00-08:00" interface="ss" hostaddr="192.168.62.7" hostname="nid15754" pid="32446" uid="1252" gid="1007" umask="0077">
  <mainjob start="2012-09-25T16:41:31.936-04:00" duration="255.985" pid="32457">
    <usage utime="79.829" stime="6.456" minflt="12439" majflt="14" nswap="0" nsignals="0" nvcsw="56088" nivcsw="921"/>
    <status raw="0"><regular exitcode="0"/></status>
    <statcall error="0">
      <file name="/lustre/scratch/proj/tera3d/CyberShake/software/JBSim3d_combined/bin/jbsim3d">7F454C46020101000000000000000000</file>
      <statinfo mode="0100755" size="5076385" inode="811206669" nlink="1" blksize="2097152" blocks="9920" mtime="2012-09-18T15:03:39-04:00" atime="2012-09-25T16:41:31-04:00" ctime="2012-09-18T15:03:39-04:00" uid="1252" gid="1007"/>
    </statcall>
    <argument-vector>
      <arg nr="1">stat=USC</arg>
      <arg nr="2">slon=-118.286</arg>
      <arg nr="3">slat=34.0192</arg>
      <arg nr="4">extract_sgt=1</arg>
      <arg nr="5">slip=49</arg>
      <arg nr="6">hypo=24</arg>
      <arg nr="7">rup_geom_file=e35_rv4_128_1287.txt</arg>
      <arg nr="8">sgt_xfile=USC_fx_1035.sgt</arg>
      <arg nr="9">sgt_yfile=USC_fy_1035.sgt</arg>
      <arg nr="10">extract_sgt_xfile=USC_128_1287_subfx.sgt</arg>
      <arg nr="11">extract_sgt_yfile=USC_128_1287_subfy.sgt</arg>
      <arg nr="12">x_header=USC_fx_1035.sgthead</arg>
      <arg nr="13">y_header=USC_fy_1035.sgthead</arg>
      <arg nr="14">sgtdir=128/1287</arg>
    </argument-vector>
  </mainjob>
  <cwd>/lustre/scratch/tera3d/execdir/cybershk/pegasus/CyberShake_USC/20120925T075208-0800/CyberShake_USC_11_dax_11</cwd>
  <usage utime="0.008" stime="0.004" minflt="677" majflt="0" nswap="0" nsignals="0" nvcsw="40" nivcsw="1"/>
  <statcall error="0" id="stdin">
    <file name="/dev/null"/>
    <statinfo mode="020666" size="0" inode="906" nlink="1" blksize="4096" blocks="0" mtime="2004-09-14T21:20:01-04:00" atime="2004-09-14T21:20:01-04:00" ctime="2004-09-14T21:20:01-04:00" uid="0" user="root" gid="0" group="root"/>
  </statcall>
  <statcall error="0" id="stdout">
    <temporary name="/var/tmp/gs.out.YJscP5" descriptor="12"/>
    <statinfo mode="0100600" size="1717" inode="48124" nlink="1" blksize="4096" blocks="8" mtime="2012-09-25T16:45:47-04:00" atime="2012-09-25T16:41:31-04:00" ctime="2012-09-25T16:45:47-04:00" uid="1252" gid="1007"/>
    <data>Using 127.0.0.1 as memcached server.
Key e35_rv4_128_1287.txt hasn&apos;t been cached, adding.
Calling endpar in jbsim3d.
Using separate header file for x.
Retrieved key USC_fx_1035.sgthead_sgtmaster from cache.
Retrieved key USC_fx_1035.sgthead_sgtheader.0 from cache.
Retrieved key USC_fx_1035.sgthead_sgtheader.1 from cache.
Retrieved key USC_fx_1035.sgthead_sgtheader.2 from cache.
Retrieved key USC_fx_1035.sgthead_sgtheader.3 from cache.
Retrieved key USC_fx_1035.sgthead_sgtheader.4 from cache.
Retrieved key USC_fx_1035.sgthead_sgtheader.5 from cache.
Retrieved key USC_fx_1035.sgthead_sgtheader.6 from cache.
Retrieved key USC_fx_1035.sgthead_sgtheader.7 from cache.
Retrieved key USC_fx_1035.sgthead_sgtheader.8 from cache.
Retrieved key USC_fx_1035.sgthead_sgtheader.9 from cache.
Using separate header file for y.
Retrieved key USC_fy_1035.sgthead_sgtmaster from cache.
Retrieved key USC_fy_1035.sgthead_sgtheader.0 from cache.
Retrieved key USC_fy_1035.sgthead_sgtheader.1 from cache.
Retrieved key USC_fy_1035.sgthead_sgtheader.2 from cache.
Retrieved key USC_fy_1035.sgthead_sgtheader.3 from cache.
Retrieved key USC_fy_1035.sgthead_sgtheader.4 from cache.
Retrieved key USC_fy_1035.sgthead_sgtheader.5 from cache.
Retrieved key USC_fy_1035.sgthead_sgtheader.6 from cache.
Retrieved key USC_fy_1035.sgthead_sgtheader.7 from cache.
Retrieved key USC_fy_1035.sgthead_sgtheader.8 from cache.
Retrieved key USC_fy_1035.sgthead_sgtheader.9 from cache.
Find SGTs for this rupture
  25 percent done (2939 of 11760)
  50 percent done (5879 of 11760)
  75 percent done (8819 of 11760)
 100 percent done (11759 of 11760)
nm= 11763 non_exact= 1
max_mindelta= 0.200000 weight= 0.551330
Extracting SGTs for this rupture
</data>
  </statcall>
  <statcall error="0" id="stderr">
    <temporary name="/var/tmp/gs.err.AM9OuW" descriptor="13"/>
    <statinfo mode="0100600" size="0" inode="48128" nlink="1" blksize="4096" blocks="0" mtime="2012-09-25T16:41:31-04:00" atime="2012-09-25T16:41:31-04:00" ctime="2012-09-25T16:41:31-04:00" uid="1252" gid="1007"/>
  </statcall>
  <statcall error="0" id="gridstart">
    <file name="/lustre/scratch/proj/tera3d/pegasus/pegasus-4.1.0cvs/bin/pegasus-kickstart">7F454C46020101000000000000000000</file>
    <statinfo mode="0100755" size="221368" inode="672662103" nlink="1" blksize="2097152" blocks="440" mtime="2012-08-21T22:29:45-04:00" atime="2012-09-25T16:41:31-04:00" ctime="2012-08-22T16:06:17-04:00" uid="1252" gid="1007"/>
  </statcall>
  <statcall error="0" id="logfile">
    <descriptor number="1"/>
    <statinfo mode="0100600" size="0" inode="641278692" nlink="1" blksize="2097152" blocks="0" mtime="2012-09-25T16:41:22-04:00" atime="2012-09-25T16:41:22-04:00" ctime="2012-09-25T16:41:22-04:00" uid="1252" gid="1007"/>
  </statcall>
  <statcall error="0" id="channel">
    <fifo name="/var/tmp/gs.app.dHrRaN" descriptor="14" count="0" rsize="0" wsize="0"/>
    <statinfo mode="010600" size="0" inode="48139" nlink="1" blksize="4096" blocks="0" mtime="2012-09-25T16:41:31-04:00" atime="2012-09-25T16:41:31-04:00" ctime="2012-09-25T16:41:31-04:00" uid="1252" gid="1007"/>
  </statcall>
</invocation>
