<?xml version="1.0" encoding="ISO-8859-1"?>
<invocation xmlns="http://pegasus.isi.edu/schema/invocation" xmlns:xsi="http://www.w3.org/2001/XMLSchema-instance" xsi:schemaLocation="http://pegasus.isi.edu/schema/invocation http://pegasus.isi.edu/schema/iv-2.0.xsd" version="2.0" start="2008-05-30T14:43:52.556-07:00" duration="0.006" hostaddr="128.125.230.95" hostname="intensity.usc.edu" pid="23891" uid="0" user="root" gid="0" group="root" umask="0022">
  <mainjob start="2008-05-30T14:43:52.561-07:00" duration="0.001" pid="23892">
    <usage utime="0.001" stime="0.000" minflt="163" majflt="0" nswap="0" nsignals="0" nvcsw="1" nivcsw="1"/>
    <status raw="256"><regular exitcode="1"/></status>
    <statcall error="0">
      <!-- deferred flag: 0 -->
      <file name="/bin/false">7F454C46020101000000000000000000</file>
      <statinfo mode="0100755" size="19480" inode="1638481" nlink="1" blksize="4096" blocks="40" mtime="2006-08-23T02:59:24-07:00" atime="2008-05-23T04:20:26-07:00" ctime="2007-04-11T21:35:06-07:00" uid="0" user="root" gid="0" group="root"/>
    </statcall>
    <argument-vector/>
  </mainjob>
  <cwd>/scratch/cybershk/config</cwd>
  <usage utime="0.001" stime="0.002" minflt="233" majflt="0" nswap="0" nsignals="0" nvcsw="3" nivcsw="2"/>
  <uname system="linux" archmode="IA32" nodename="intensity.usc.edu" release="2.6.20-1.2307.fc5" machine="x86_64">#1 SMP Sun Mar 18 20:58:09 EDT 2007</uname>
  <statcall error="0" id="stdin">
    <!-- deferred flag: 0 -->
    <file name="/dev/null"/>
    <statinfo mode="020666" size="0" inode="1625" nlink="1" blksize="4096" blocks="0" mtime="2008-05-09T17:04:02-07:00" atime="2008-05-09T17:04:02-07:00" ctime="2008-05-09T17:04:02-07:00" uid="0" user="root" gid="0" group="root"/>
  </statcall>
  <statcall error="0" id="stdout">
    <temporary name="/tmp/gs.out.jtfhPM" descriptor="3"/>
    <statinfo mode="0100600" size="0" inode="26706817" nlink="1" blksize="4096" blocks="0" mtime="2008-05-30T14:43:52-07:00" atime="2008-05-30T14:43:52-07:00" ctime="2008-05-30T14:43:52-07:00" uid="0" user="root" gid="0" group="root"/>
  </statcall>
  <statcall error="0" id="stderr">
    <temporary name="/tmp/gs.err.o3KRYM" descriptor="4"/>
    <statinfo mode="0100600" size="0" inode="26706819" nlink="1" blksize="4096" blocks="0" mtime="2008-05-30T14:43:52-07:00" atime="2008-05-30T14:43:52-07:00" ctime="2008-05-30T14:43:52-07:00" uid="0" user="root" gid="0" group="root"/>
  </statcall>
  <statcall error="0" id="gridstart">
    <!-- deferred flag: 0 -->
    <file name="/usr/scec/pegasus/pegasus-2.1.0/bin/kickstart">7F454C46010101000000000000000000</file>
    <statinfo mode="0100755" size="145152" inode="42598756" nlink="1" blksize="4096" blocks="296" mtime="2008-02-21T12:13:36-08:00" atime="2008-05-30T14:43:52-07:00" ctime="2008-02-25T14:02:38-08:00" uid="30101" gid="30101"/>
  </statcall>
  <statcall error="0" id="logfile">
    <descriptor number="1"/>
    <statinfo mode="0100644" size="0" inode="25165838" nlink="1" blksize="4096" blocks="0" mtime="2008-05-30T14:43:52-07:00" atime="2008-05-30T14:43:52-07:00" ctime="2008-05-30T14:43:52-07:00" uid="0" user="root" gid="0" group="root"/>
  </statcall>
  <statcall error="0" id="channel">
    <fifo name="/tmp/gs.app.QtDs8M" descriptor="5" count="0" rsize="0" wsize="0"/>
    <statinfo mode="010640" size="0" inode="26706825" nlink="1" blksize="4096" blocks="0" mtime="2008-05-30T14:43:52-07:00" atime="2008-05-30T14:43:52-07:00" ctime="2008-05-30T14:43:52-07:00" uid="0" user="root" gid="0" group="root"/>
  </statcall>
  <environment>
    <env key="GRIDSTART_CHANNEL">/tmp/gs.app.QtDs8M</env>
    <env key="HOME">/home/scec-00/juve</env>
    <env key="HOSTNAME">intensity.usc.edu</env>
    <env key="INPUTRC">/etc/inputrc</env>
    <env key="LANG">en_US.UTF-8</env>
    <env key="LOGNAME">root</env>
    <env key="LS_COLORS">no=00:fi=00:di=01;34:ln=01;36:pi=40;33:so=01;35:bd=40;33;01:cd=40;33;01:or=01;05;37;41:mi=01;05;37;41:ex=01;32:*.cmd=01;32:*.exe=01;32:*.com=01;32:*.btm=01;32:*.bat=01;32:*.sh=01;32:*.csh=01;32:*.tar=01;31:*.tgz=01;31:*.arj=01;31:*.taz=01;31:*.lzh=01;31:*.zip=01;31:*.z=01;31:*.Z=01;31:*.gz=01;31:*.bz2=01;31:*.bz=01;31:*.tz=01;31:*.rpm=01;31:*.cpio=01;31:*.jpg=01;35:*.gif=01;35:*.bmp=01;35:*.xbm=01;35:*.xpm=01;35:*.png=01;35:*.tif=01;35:</env>
    <env key="MAIL">/var/spool/mail/juve</env>
    <env key="PATH">/usr/scec/globus-4.0.4/bin:/usr/scec/globus-4.0.4/sbin:/usr/kerberos/bin:/usr/local/bin:/bin:/usr/bin:/usr/NX/bin:/usr/X11R6/bin:/usr/scec/gmt3.4.6/bin:/usr/scec/intel/cce/9.0/bin:/usr/scec/intel/fce/9.0/bin:/usr/scec/condor/default/bin:/usr/scec/condor/default/sbin</env>
    <env key="PWD">/scratch/cybershk/config</env>
    <env key="SHELL">/bin/tcsh</env>
    <env key="SHLVL">1</env>
    <env key="SUDO_COMMAND">/bin/bash</env>
    <env key="SUDO_GID">100</env>
    <env key="SUDO_UID">49298</env>
    <env key="SUDO_USER">juve</env>
    <env key="TERM">xterm-color</env>
    <env key="USER">root</env>
    <env key="_">/usr/scec/pegasus/pegasus-2.1.0/bin/kickstart</env>
  </environment>
  <resource>
    <soft id="RLIMIT_CPU">unlimited</soft>
    <hard id="RLIMIT_CPU">unlimited</hard>
    <soft id="RLIMIT_FSIZE">unlimited</soft>
    <hard id="RLIMIT_FSIZE">unlimited</hard>
    <soft id="RLIMIT_DATA">unlimited</soft>
    <hard id="RLIMIT_DATA">unlimited</hard>
    <soft id="RLIMIT_STACK">10485760</soft>
    <hard id="RLIMIT_STACK">unlimited</hard>
    <soft id="RLIMIT_CORE">0</soft>
    <hard id="RLIMIT_CORE">unlimited</hard>
    <soft id="RESOURCE_5">unlimited</soft>
    <hard id="RESOURCE_5">unlimited</hard>
    <soft id="RLIMIT_NPROC">69632</soft>
    <hard id="RLIMIT_NPROC">69632</hard>
    <soft id="RLIMIT_NOFILE">1024</soft>
    <hard id="RLIMIT_NOFILE">1024</hard>
    <soft id="RLIMIT_MEMLOCK">32768</soft>
    <hard id="RLIMIT_MEMLOCK">32768</hard>
    <soft id="RLIMIT_AS">unlimited</soft>
    <hard id="RLIMIT_AS">unlimited</hard>
    <soft id="RLIMIT_LOCKS">unlimited</soft>
    <hard id="RLIMIT_LOCKS">unlimited</hard>
    <soft id="RLIMIT_SIGPENDING">69632</soft>
    <hard id="RLIMIT_SIGPENDING">69632</hard>
    <soft id="RLIMIT_MSGQUEUE">819200</soft>
    <hard id="RLIMIT_MSGQUEUE">819200</hard>
    <soft id="RLIMIT_NICE">0</soft>
    <hard id="RLIMIT_NICE">0</hard>
    <soft id="RLIMIT_RTPRIO">0</soft>
    <hard id="RLIMIT_RTPRIO">0</hard>
  </resource>
</invocation>
