[seqexec-summary stat="ok", lines=1, tasks=1, succeeded=1, failed=0, extra=1, duration=0.004, start="2012-04-23T11:20:22.463-07:00", pid=57845, app="pegasus-cluster"]