foo bar Job succeeded asd ss asd
baz boo Job failed  asdf asdf asdf
