---
source: crates/rattler_shell/src/activation.rs
expression: script
---
$Env:PATH = "$Env:PATH;__PREFIX__/bin;/usr/bin;/bin;/usr/sbin;/sbin;/usr/local/bin"
$Env:CONDA_PREFIX = "__PREFIX__"

